Try this:
  intro a_1 a_2
  simp only [ne_eq, List.mem_cons] at *
  simp_all only [or_self, not_false_eq_true]
Try this:
  rename_i a_1 a_2
  simp only [ne_eq, List.mem_cons] at *
  simp_all only [or_self, not_false_eq_true]
